../Core/Src/main.c:80:6:Set_LED	24	static
../Core/Src/main.c:90:6:Set_Brightness	16	static
../Core/Src/main.c:113:6:WS2812_Send	32	static
../Core/Src/main.c:166:5:main	16	static
../Core/Src/main.c:304:6:SystemClock_Config	88	static
../Core/Src/main.c:350:13:MX_ADC3_Init	24	static
../Core/Src/main.c:402:13:MX_CRC_Init	8	static
../Core/Src/main.c:428:13:MX_SPI5_Init	8	static
../Core/Src/main.c:466:13:MX_TIM1_Init	96	static
../Core/Src/main.c:541:13:MX_USART1_UART_Init	8	static
../Core/Src/main.c:572:13:MX_DMA_Init	16	static
../Core/Src/main.c:590:13:MX_GPIO_Init	64	static
../Core/Src/main.c:838:6:HAL_TIM_PeriodElapsedCallback	16	static
../Core/Src/main.c:855:6:Error_Handler	4	static,ignoring_inline_asm
